Microchip MPLAB XC8 Compiler V3.00

Linker command line:

-W-3 \
  --edf=C:\Program Files\Microchip\xc8\v3.00\pic\dat\20241204225717_en.msgs \
  -cn -h+dist/default/debug\PROY3FINAL.X.debug.sym \
  --cmf=dist/default/debug\PROY3FINAL.X.debug.cmf -z -Q16F887 \
  -oC:\Users\esaur\AppData\Local\Temp\xcAs7io.\driver_tmp_3.o \
  --defsym=__MPLAB_BUILD=1 --fixupoverflow=error \
  -Mdist/default/debug/PROY3FINAL.X.debug.map \
  --md=C:\Users\esaur\AppData\Local\Temp\xcAs7io.\driver_tmp_0.dat -E1 \
  -ver=XC8 Compiler -ACODE=00h-07FFhx4 -ASTRCODE=00h-01FFFh \
  -ASTRING=00h-0FFhx32 -ACONST=00h-0FFhx32 -AENTRY=00h-0FFhx32 \
  -ACOMMON=070h-07Fh -ABANK0=020h-06Fh -ABANK1=0A0h-0EFh \
  -ABANK2=0110h-016Fh -ABANK3=0190h-01EFh \
  -ARAM=020h-06Fh,0A0h-0EFh,0110h-016Fh,0190h-01EFh \
  -AABS1=020h-07Fh,0A0h-0EFh,0110h-016Fh,0190h-01EFh -ASFR0=00h-01Fh \
  -ASFR1=080h-09Fh -ASFR2=0100h-010Fh -ASFR3=0180h-018Fh \
  -ACONFIG=02007h-02008h -DCONFIG=2 -AIDLOC=02000h-02003h -DIDLOC=2 \
  -AEEDATA=00h-0FFh/02100h -peeprom_data=EEDATA -DEEDATA=2 -DCODE=2 \
  -DSTRCODE=2 -DSTRING=2 -DCONST=2 -DENTRY=2 \
  -preset_vec=00h,intentry,sivt,init,end_init -ppowerup=CODE -pcinit=CODE \
  -pfunctab=ENTRY -k \
  C:\Users\esaur\AppData\Local\Temp\xcAs7io.\driver_tmp_17.o \
  dist/default/debug\PROY3FINAL.X.debug.o 

Object code version is 3.11

Machine type is 16F887



                Name                               Link     Load   Length Selector   Space Scale
C:\Users\esaur\AppData\Local\Temp\xcAs7io.\driver_tmp_17.o
                end_init                              0        0        3        0       0
                config                             2007     2007        2        0       4
dist/default/debug\PROY3FINAL.X.debug.o
                cinit                               7E4      7E4       1C      FC8       0
                text22_split_1                       41       41      7A3       82       0
                config                             2007     2007        2        0       4
                text42                             1953     1953        A     32A6       0
                text41                             1A76     1A76       26     34EC       0
                text40                              898      898      1CA     1130       0
                text39                             1C2F     1C2F       4E     385E       0
                text38                             1EB8     1EB8       A4     3D70       0
                text37                             1AC2     1AC2       27     3584       0
                text36                              CBE      CBE      342     197C       0
                text35                             195D     195D        B     32BA       0
                text34                              A62      A62      25C     14C4       0
                text33                             1A09     1A09       24     3412       0
                text32                             1C7D     1C7D       74     38FA       0
                text31                             1CF1     1CF1       8D     39E2       0
                text30                             1303     1303      10F     2606       0
                text29                             10DC     10DC       15     21B8       0
                text28                             19C5     19C5       21     338A       0
                text27                              802      802        1     1004       0
                text26                             1D7E     1D7E       9A     3AFC       0
                text25                             1AE9     1AE9       2B     35D2       0
                text24                                3        3       3E        0       0
                text23                             19AC     19AC       19     3358       0
                text22                             11F8     11F8      10B     23F0       0
                text21                             1A51     1A51       25     34A2       0
                text20                             10F1     10F1       53     21E2       0
                text19                             1BED     1BED       42     37DA       0
                text18                             1B41     1B41       38     3682       0
                text17                              803      803       95     1006       0
                text16                             1412     1412      12A     2824       0
                text15                             19E6     19E6       23     33CC       0
                text14                             1B14     1B14       2D     3628       0
                text13                             1A2D     1A2D       24     345A       0
                text12                             153C     153C      15D     2A78       0
                text11                             1943     1943        8     3286       0
                text10                             1F5C     1F5C       A4     3EB8       0
                text9                              1974     1974       10     32E8       0
                text8                              1B79     1B79       38     36F2       0
                text7                              1994     1994       18     3328       0
                text6                              1E18     1E18       A0     3C30       0
                text5                              1A9C     1A9C       26     3538       0
                text4                              1984     1984       10     3308       0
                text3                              1144     1144       B4     2288       0
                text2                              1BB1     1BB1       3C     3762       0
                text1                              1968     1968        C     32D0       0
                maintext                           1699     1699      167     2D32       0
                cstackBANK0                          20       20       50       20       1
                cstackCOMMON                         70       70        E       70       1
                cstackBANK1                          A0       A0       48       A0       1
                cstackBANK3                         190      190       22      190       1
                clrtext                            194B     194B        8     3296       0
                bssBANK2                            110      110       50      110       1
                bssBANK3                            1B2      1B2        8      190       1
                bssBANK1                             E8       E8        5       A0       1
                strings                            1000     1000       DB     2000       0

TOTAL           Name                               Link     Load   Length     Space
        CLASS   CODE           
                end_init                              0        0        3         0
                cinit                               7E4      7E4       1C         0
                text22_split_1                       41       41      7A3         0
                text42                             1953     1953        A         0
                text41                             1A76     1A76       26         0
                text40                              898      898      1CA         0
                text39                             1C2F     1C2F       4E         0
                text38                             1EB8     1EB8       A4         0
                text37                             1AC2     1AC2       27         0
                text36                              CBE      CBE      342         0
                text35                             195D     195D        B         0
                text34                              A62      A62      25C         0
                text33                             1A09     1A09       24         0
                text32                             1C7D     1C7D       74         0
                text31                             1CF1     1CF1       8D         0
                text30                             1303     1303      10F         0
                text29                             10DC     10DC       15         0
                text28                             19C5     19C5       21         0
                text27                              802      802        1         0
                text26                             1D7E     1D7E       9A         0
                text25                             1AE9     1AE9       2B         0
                text24                                3        3       3E         0
                text23                             19AC     19AC       19         0
                text22                             11F8     11F8      10B         0
                text21                             1A51     1A51       25         0
                text20                             10F1     10F1       53         0
                text19                             1BED     1BED       42         0
                text18                             1B41     1B41       38         0
                text17                              803      803       95         0
                text16                             1412     1412      12A         0
                text15                             19E6     19E6       23         0
                text14                             1B14     1B14       2D         0
                text13                             1A2D     1A2D       24         0
                text12                             153C     153C      15D         0
                text11                             1943     1943        8         0
                text10                             1F5C     1F5C       A4         0
                text9                              1974     1974       10         0
                text8                              1B79     1B79       38         0
                text7                              1994     1994       18         0
                text6                              1E18     1E18       A0         0
                text5                              1A9C     1A9C       26         0
                text4                              1984     1984       10         0
                text3                              1144     1144       B4         0
                text2                              1BB1     1BB1       3C         0
                text1                              1968     1968        C         0
                maintext                           1699     1699      167         0
                clrtext                            194B     194B        8         0

        CLASS   STRCODE        

        CLASS   STRING         
                strings                            1000     1000       DB         0

        CLASS   CONST          

        CLASS   ENTRY          

        CLASS   COMMON         
                cstackCOMMON                         70       70        E         1

        CLASS   BANK0          
                cstackBANK0                          20       20       50         1

        CLASS   BANK1          
                cstackBANK1                          A0       A0       48         1
                bssBANK1                             E8       E8        5         1

        CLASS   BANK2          
                bssBANK2                            110      110       50         1

        CLASS   BANK3          
                cstackBANK3                         190      190       22         1
                bssBANK3                            1B2      1B2        8         1

        CLASS   RAM            

        CLASS   ABS1           
                abs_s1                               7E       7E        2         1

        CLASS   SFR0           

        CLASS   SFR1           

        CLASS   SFR2           

        CLASS   SFR3           

        CLASS   CONFIG         
                config                             2007     2007        2         4

        CLASS   IDLOC          

        CLASS   EEDATA         

        CLASS   HEAP           

        CLASS   STACK          



SEGMENTS        Name                           Load    Length   Top    Selector   Space  Class     Delta

                reset_vec                      000000  000041  000041         0       0  CODE        2
                cstackBANK0                    000020  000050  000070        20       1  BANK0       1
                cstackCOMMON                   000070  00000E  00007E        70       1  COMMON      1
                text22_split_1                 000041  0007A3  0007E4        82       0  CODE        2
                cstackBANK1                    0000A0  00004D  0000ED        A0       1  BANK1       1
                bssBANK2                       000110  000050  000160       110       1  BANK2       1
                cstackBANK3                    000190  00002A  0001BA       190       1  BANK3       1
                cinit                          0007E4  00001C  000800       FC8       0  CODE        2
                text27                         000802  000001  000803      1004       0  CODE        2
                text17                         000803  000095  000898      1006       0  CODE        2
                text40                         000898  0001CA  000A62      1130       0  CODE        2
                text34                         000A62  00025C  000CBE      14C4       0  CODE        2
                text36                         000CBE  000342  001000      197C       0  CODE        2
                strings                        001000  0000DB  0010DB      2000       0  STRING      2
                text29                         0010DC  000015  0010F1      21B8       0  CODE        2
                text20                         0010F1  000053  001144      21E2       0  CODE        2
                text3                          001144  0000B4  0011F8      2288       0  CODE        2
                text22                         0011F8  00010B  001303      23F0       0  CODE        2
                text30                         001303  00010F  001412      2606       0  CODE        2
                text16                         001412  00012A  00153C      2824       0  CODE        2
                text12                         00153C  00015D  001699      2A78       0  CODE        2
                maintext                       001699  000167  001800      2D32       0  CODE        2
                text11                         001943  000008  00194B      3286       0  CODE        2
                clrtext                        00194B  000008  001953      3296       0  CODE        2
                text42                         001953  00000A  00195D      32A6       0  CODE        2
                text35                         00195D  00000B  001968      32BA       0  CODE        2
                text1                          001968  00000C  001974      32D0       0  CODE        2
                text9                          001974  000010  001984      32E8       0  CODE        2
                text4                          001984  000010  001994      3308       0  CODE        2
                text7                          001994  000018  0019AC      3328       0  CODE        2
                text23                         0019AC  000019  0019C5      3358       0  CODE        2
                text28                         0019C5  000021  0019E6      338A       0  CODE        2
                text15                         0019E6  000023  001A09      33CC       0  CODE        2
                text33                         001A09  000024  001A2D      3412       0  CODE        2
                text13                         001A2D  000024  001A51      345A       0  CODE        2
                text21                         001A51  000025  001A76      34A2       0  CODE        2
                text41                         001A76  000026  001A9C      34EC       0  CODE        2
                text5                          001A9C  000026  001AC2      3538       0  CODE        2
                text37                         001AC2  000027  001AE9      3584       0  CODE        2
                text25                         001AE9  00002B  001B14      35D2       0  CODE        2
                text14                         001B14  00002D  001B41      3628       0  CODE        2
                text18                         001B41  000038  001B79      3682       0  CODE        2
                text8                          001B79  000038  001BB1      36F2       0  CODE        2
                text2                          001BB1  00003C  001BED      3762       0  CODE        2
                text19                         001BED  000042  001C2F      37DA       0  CODE        2
                text39                         001C2F  00004E  001C7D      385E       0  CODE        2
                text32                         001C7D  000074  001CF1      38FA       0  CODE        2
                text31                         001CF1  00008D  001D7E      39E2       0  CODE        2
                text26                         001D7E  00009A  001E18      3AFC       0  CODE        2
                text6                          001E18  0000A0  001EB8      3C30       0  CODE        2
                text38                         001EB8  0000A4  001F5C      3D70       0  CODE        2
                text10                         001F5C  0000A4  002000      3EB8       0  CODE        2


UNUSED ADDRESS RANGES

        Name                Unused          Largest block    Delta
        BANK1            0000ED-0000EF                3           1
        BANK2            000160-00016F               10           1
        BANK3            0001BA-0001EF               36           1
        CODE             000800-000801                2           2
                         0010DB-0010DB                1
                         001800-001942              143
        CONST            000800-000801                2           2
                         0010DB-0010DB                1
                         001800-001942              100
        EEDATA           002100-0021FF              100           2
        ENTRY            000800-000801                2           2
                         0010DB-0010DB                1
                         001800-001942              100
        IDLOC            002000-002003                4           2
        RAM              0000ED-0000EF                3           1
                         000160-00016F               10
                         0001BA-0001EF               36
        SFR0             000000-00001F               20           1
        SFR1             000080-00009F               20           1
        SFR2             000100-00010F               10           1
        SFR3             000180-00018F               10           1
        STRCODE          000800-000801                2           2
                         0010DB-0010DB                1
                         001800-001942              143
        STRING           000800-000801                2           2
                         0010DB-0010DB                1
                         001800-001942              100

                                  Symbol Table

?__Umul8_16                   cstackCOMMON 000070
?___fladd                     cstackCOMMON 000070
?___fldiv                     cstackBANK0  000020
?___flmul                     cstackBANK0  000020
?___flneg                     cstackCOMMON 000070
?___flsub                     cstackBANK0  000035
?___fltol                     cstackCOMMON 000070
?___fpclassifyf               cstackCOMMON 000070
?___lwdiv                     cstackCOMMON 000070
?___lwmod                     cstackCOMMON 000070
?___wmul                      cstackCOMMON 000070
?___xxtofl                    cstackCOMMON 000070
?_floorf                      cstackBANK0  00003A
?_labs                        cstackCOMMON 000070
?_read_echo                   cstackCOMMON 000070
?_read_prec_or_width          cstackCOMMON 000076
?_sprintf                     cstackBANK0  00006A
?_strlen                      cstackCOMMON 000070
?_vfprintf                    cstackBANK0  000065
ESP_SendToThingSpeak@distance cstackBANK1  0000D9
ESP_SendToThingSpeak@len      cstackBANK3  00019A
ESP_SendToThingSpeak@num      cstackBANK3  000190
LCD_Char@data                 cstackCOMMON 000072
LCD_Cmd@cmd                   cstackCOMMON 000072
LCD_Set_Cursor@col            cstackCOMMON 000073
LCD_Set_Cursor@row            cstackCOMMON 000074
LCD_String@str                cstackCOMMON 000073
UART_WriteChar@c              cstackCOMMON 000070
UART_WriteString@s            cstackCOMMON 000071
_ADCON1                       (abs)        00009F
_BRGH                         (abs)        0004C2
_CREN                         (abs)        0000C4
_ESP_SendToThingSpeak         text12       00153C
_LCD_Char                     text6        001E18
_LCD_Clear                    text9        001974
_LCD_Cmd                      text10       001F5C
_LCD_Init                     text8        001B79
_LCD_PulseEnable              text11       001943
_LCD_Set_Cursor               text7        001994
_LCD_Set_Cursor$84            cstackCOMMON 000075
_LCD_String                   text5        001A9C
_OERR                         (abs)        0000C1
_OSCCON                       (abs)        00008F
_PORTA                        (abs)        000005
_RA0                          (abs)        000028
_RA1                          (abs)        000029
_RA2                          (abs)        00002A
_RC0                          (abs)        000038
_RC1                          (abs)        000039
_RCIF                         (abs)        000065
_RCREG                        (abs)        00001A
_RD0                          (abs)        000040
_RD1                          (abs)        000041
_RD2                          (abs)        000042
_RD3                          (abs)        000043
_RD4                          (abs)        000044
_RD5                          (abs)        000045
_SPBRG                        (abs)        000099
_SPEN                         (abs)        0000C7
_SYNC                         (abs)        0004C4
_T1CON                        (abs)        000010
_TMR1                         (abs)        00000E
_TMR1ON                       (abs)        000080
_TRISA                        (abs)        000085
_TRISC                        (abs)        000087
_TRISD                        (abs)        000088
_TXEN                         (abs)        0004C5
_TXIF                         (abs)        000064
_TXREG                        (abs)        000019
_UART_Init                    text4        001984
_UART_WriteChar               text42       001953
_UART_WriteString             text41       001A76
__H__absolute__               __absolute__ 000000
__Habs1                       abs1         000000
__Hbank0                      bank0        000000
__Hbank1                      bank1        000000
__Hbank2                      bank2        000000
__Hbank3                      bank3        000000
__HbssBANK1                   bssBANK1     000000
__HbssBANK2                   bssBANK2     000000
__HbssBANK3                   bssBANK3     000000
__Hcinit                      cinit        000800
__Hclrtext                    clrtext      000000
__Hcode                       code         000000
__Hcommon                     common       000000
__Hconfig                     config       002009
__HcstackBANK0                cstackBANK0  000000
__HcstackBANK1                cstackBANK1  000000
__HcstackBANK3                cstackBANK3  000000
__HcstackCOMMON               cstackCOMMON 000000
__Heeprom_data                eeprom_data  000000
__Hend_init                   end_init     000003
__Hfunctab                    functab      000000
__Hheap                       heap         000000
__Hinit                       init         000000
__Hintentry                   intentry     000000
__Hmaintext                   maintext     000000
__Hpowerup                    powerup      000000
__Hram                        ram          000000
__Hreset_vec                  reset_vec    000000
__Hsfr0                       sfr0         000000
__Hsfr1                       sfr1         000000
__Hsfr2                       sfr2         000000
__Hsfr3                       sfr3         000000
__Hsivt                       sivt         000000
__Hspace_0                    (abs)        002000
__Hspace_1                    (abs)        0001BA
__Hspace_2                    (abs)        000000
__Hspace_3                    (abs)        000000
__Hspace_4                    (abs)        004010
__Hstack                      stack        000000
__Hstrings                    strings      000000
__Htext                       text         000000
__L__absolute__               __absolute__ 000000
__Labs1                       abs1         000000
__Lbank0                      bank0        000000
__Lbank1                      bank1        000000
__Lbank2                      bank2        000000
__Lbank3                      bank3        000000
__LbssBANK1                   bssBANK1     000000
__LbssBANK2                   bssBANK2     000000
__LbssBANK3                   bssBANK3     000000
__Lcinit                      cinit        0007E4
__Lclrtext                    clrtext      000000
__Lcode                       code         000000
__Lcommon                     common       000000
__Lconfig                     config       000000
__LcstackBANK0                cstackBANK0  000000
__LcstackBANK1                cstackBANK1  000000
__LcstackBANK3                cstackBANK3  000000
__LcstackCOMMON               cstackCOMMON 000000
__Leeprom_data                eeprom_data  000000
__Lend_init                   end_init     000000
__Lfunctab                    functab      000000
__Lheap                       heap         000000
__Linit                       init         000000
__Lintentry                   intentry     000000
__Lmaintext                   maintext     000000
__Lpowerup                    powerup      000000
__Lram                        ram          000000
__Lreset_vec                  reset_vec    000000
__Lsfr0                       sfr0         000000
__Lsfr1                       sfr1         000000
__Lsfr2                       sfr2         000000
__Lsfr3                       sfr3         000000
__Lsivt                       sivt         000000
__Lspace_0                    (abs)        000000
__Lspace_1                    (abs)        000000
__Lspace_2                    (abs)        000000
__Lspace_3                    (abs)        000000
__Lspace_4                    (abs)        000000
__Lstack                      stack        000000
__Lstrings                    strings      000000
__Ltext                       text         000000
__S0                          (abs)        002000
__S1                          (abs)        0001BA
__S3                          (abs)        000000
__Umul8_16                    text37       001AC2
__Umul8_16@multiplicand       cstackCOMMON 000070
__Umul8_16@multiplier         cstackCOMMON 000078
__Umul8_16@product            cstackCOMMON 000074
__Umul8_16@word_mpld          cstackCOMMON 000076
___fladd                      text34       000A62
___fladd@a                    cstackCOMMON 000074
___fladd@aexp                 cstackCOMMON 000079
___fladd@b                    cstackCOMMON 000070
___fladd@bexp                 cstackCOMMON 00007A
___fladd@grs                  cstackCOMMON 00007B
___fladd@signs                cstackCOMMON 000078
___fldiv                      text40       000898
___fldiv@a                    cstackBANK0  000020
___fldiv@aexp                 cstackBANK0  000039
___fldiv@b                    cstackBANK0  000024
___fldiv@bexp                 cstackBANK0  000038
___fldiv@grs                  cstackBANK0  000034
___fldiv@new_exp              cstackBANK0  000032
___fldiv@rem                  cstackBANK0  00002D
___fldiv@sign                 cstackBANK0  000031
___fleq                       text39       001C2F
___fleq@ff1                   cstackCOMMON 000070
___fleq@ff2                   cstackCOMMON 000074
___flge                       text38       001EB8
___flge@ff1                   cstackBANK0  000035
___flge@ff2                   cstackBANK0  000039
___flmul                      text36       000CBE
___flmul@a                    cstackBANK0  000024
___flmul@aexp                 cstackBANK0  00002D
___flmul@b                    cstackBANK0  000020
___flmul@bexp                 cstackBANK0  00002E
___flmul@grs                  cstackBANK0  000029
___flmul@prod                 cstackBANK0  00002F
___flmul@sign                 cstackBANK0  000028
___flmul@temp                 cstackBANK0  000033
___flneg                      text35       00195D
___flneg@f1                   cstackCOMMON 000070
___flsub                      text33       001A09
___flsub@a                    cstackBANK0  000035
___flsub@b                    cstackBANK0  000039
___fltol                      text32       001C7D
___fltol@exp1                 cstackCOMMON 000079
___fltol@f1                   cstackCOMMON 000070
___fltol@sign1                cstackCOMMON 000078
___fpclassifyf                text31       001CF1
___fpclassifyf@F465           bssBANK3     0001B6
___fpclassifyf@e              cstackBANK0  000020
___fpclassifyf@u              cstackBANK0  000022
___fpclassifyf@x              cstackCOMMON 000070
___heap_hi                    (abs)        000000
___heap_lo                    (abs)        000000
___int_sp                     stack        000000
___int_stack_hi               stack        000000
___int_stack_lo               stack        000000
___latbits                    (abs)        000002
___lwdiv                      text19       001BED
___lwdiv@counter              cstackCOMMON 000076
___lwdiv@dividend             cstackCOMMON 000072
___lwdiv@divisor              cstackCOMMON 000070
___lwdiv@quotient             cstackCOMMON 000074
___lwmod                      text18       001B41
___lwmod@counter              cstackCOMMON 000074
___lwmod@dividend             cstackCOMMON 000072
___lwmod@divisor              cstackCOMMON 000070
___sp                         stack        000000
___stack_hi                   stack        000000
___stack_lo                   stack        000000
___stackhi                    (abs)        000000
___stacklo                    (abs)        000000
___wmul                       text21       001A51
___wmul@multiplicand          cstackCOMMON 000072
___wmul@multiplier            cstackCOMMON 000070
___wmul@product               cstackCOMMON 000074
___xxtofl                     text3        001144
___xxtofl@arg                 cstackCOMMON 00007A
___xxtofl@exp                 cstackCOMMON 000079
___xxtofl@sign                cstackCOMMON 000078
___xxtofl@val                 cstackCOMMON 000070
__end_of_ESP_SendToThingSpeak text12       001699
__end_of_LCD_Char             text6        001EB8
__end_of_LCD_Clear            text9        001984
__end_of_LCD_Cmd              text10       002000
__end_of_LCD_Init             text8        001BB1
__end_of_LCD_PulseEnable      text11       00194B
__end_of_LCD_Set_Cursor       text7        0019AC
__end_of_LCD_String           text5        001AC2
__end_of_UART_Init            text4        001994
__end_of_UART_WriteChar       text42       00195D
__end_of_UART_WriteString     text41       001A9C
__end_of__Umul8_16            text37       001AE9
__end_of___fladd              text34       000CBE
__end_of___fldiv              text40       000A62
__end_of___fleq               text39       001C7D
__end_of___flge               text38       001F5C
__end_of___flmul              text36       001000
__end_of___flneg              text35       001968
__end_of___flsub              text33       001A2D
__end_of___fltol              text32       001CF1
__end_of___fpclassifyf        text31       001D7E
__end_of___lwdiv              text19       001C2F
__end_of___lwmod              text18       001B79
__end_of___wmul               text21       001A76
__end_of___xxtofl             text3        0011F8
__end_of__initialization      cinit        0007FC
__end_of__stringtab           strings      001010
__end_of_efgtoa               text22_split_1 0007E4
__end_of_floorf               text30       001412
__end_of_fputc                text26       001E18
__end_of_fputs                text25       001B14
__end_of_labs                 text29       0010F1
__end_of_main                 maintext     001800
__end_of_memcpy               text28       0019E6
__end_of_pad                  text24       000041
__end_of_putch                text27       000803
__end_of_read_echo            text2        001BED
__end_of_read_prec_or_width   text20       001144
__end_of_send_trigger         text1        001974
__end_of_sprintf              text14       001B41
__end_of_strcpy               text23       0019C5
__end_of_strlen               text13       001A51
__end_of_utoa                 text17       000898
__end_of_vfpfcnvrt            text16       00153C
__end_of_vfprintf             text15       001A09
__initialization              cinit        0007E4
__pbssBANK1                   bssBANK1     0000E8
__pbssBANK2                   bssBANK2     000110
__pbssBANK3                   bssBANK3     0001B2
__pcstackBANK0                cstackBANK0  000020
__pcstackBANK1                cstackBANK1  0000A0
__pcstackBANK3                cstackBANK3  000190
__pcstackCOMMON               cstackCOMMON 000070
__pmaintext                   maintext     001699
__pstrings                    strings      001000
__ptext1                      text1        001968
__ptext10                     text10       001F5C
__ptext11                     text11       001943
__ptext12                     text12       00153C
__ptext13                     text13       001A2D
__ptext14                     text14       001B14
__ptext15                     text15       0019E6
__ptext16                     text16       001412
__ptext17                     text17       000803
__ptext18                     text18       001B41
__ptext19                     text19       001BED
__ptext2                      text2        001BB1
__ptext20                     text20       0010F1
__ptext21                     text21       001A51
__ptext22                     text22       0011F8
__ptext23                     text23       0019AC
__ptext24                     text24       000003
__ptext25                     text25       001AE9
__ptext26                     text26       001D7E
__ptext27                     text27       000802
__ptext28                     text28       0019C5
__ptext29                     text29       0010DC
__ptext3                      text3        001144
__ptext30                     text30       001303
__ptext31                     text31       001CF1
__ptext32                     text32       001C7D
__ptext33                     text33       001A09
__ptext34                     text34       000A62
__ptext35                     text35       00195D
__ptext36                     text36       000CBE
__ptext37                     text37       001AC2
__ptext38                     text38       001EB8
__ptext39                     text39       001C2F
__ptext4                      text4        001984
__ptext40                     text40       000898
__ptext41                     text41       001A76
__ptext42                     text42       001953
__ptext5                      text5        001A9C
__ptext6                      text6        001E18
__ptext7                      text7        001994
__ptext8                      text8        001B79
__ptext9                      text9        001974
__stringbase                  strings      00100F
__stringtab                   strings      001000
_dbuf                         bssBANK2     000110
_efgtoa                       text22       0011F8
_efgtoa$705                   cstackBANK1  0000A6
_flags                        bssBANK1     0000EC
_floorf                       text30       001303
_fputc                        text26       001D7E
_fputs                        text25       001AE9
_labs                         text29       0010DC
_main                         maintext     001699
_memcpy                       text28       0019C5
_pad                          text24       000003
_prec                         bssBANK1     0000EA
_putch                        text27       000802
_read_echo                    text2        001BB1
_read_prec_or_width           text20       0010F1
_send_trigger                 text1        001968
_sprintf                      text14       001B14
_strcpy                       text23       0019AC
_strlen                       text13       001A2D
_utoa                         text17       000803
_vfpfcnvrt                    text16       001412
_vfprintf                     text15       0019E6
_width                        bssBANK1     0000E8
btemp                         (abs)        00007E
clear_ram0                    clrtext      00194B
efgtoa@c                      cstackBANK0  000054
efgtoa@d                      cstackBANK1  0000AB
efgtoa@e                      cstackBANK1  0000AF
efgtoa@f                      cstackBANK0  000050
efgtoa@fp                     cstackBANK0  00004E
efgtoa@g                      cstackBANK1  0000C4
efgtoa@h                      cstackBANK1  0000B9
efgtoa@i                      cstackBANK1  0000B7
efgtoa@l                      cstackBANK1  0000BD
efgtoa@m                      cstackBANK1  0000AD
efgtoa@mode                   cstackBANK1  0000A9
efgtoa@n                      cstackBANK1  0000C2
efgtoa@ne                     cstackBANK1  0000A0
efgtoa@nmode                  cstackBANK1  0000AA
efgtoa@ou                     cstackBANK1  0000B3
efgtoa@p                      cstackBANK1  0000A2
efgtoa@pp                     cstackBANK1  0000A8
efgtoa@sign                   cstackBANK1  0000C1
efgtoa@t                      cstackBANK1  0000A4
efgtoa@u                      cstackBANK1  0000C8
efgtoa@w                      cstackBANK1  0000B1
end_of_initialization         cinit        0007FC
floorf@F521                   bssBANK3     0001B2
floorf@e                      cstackBANK0  000048
floorf@m                      cstackBANK0  000044
floorf@u                      cstackBANK0  00004A
floorf@x                      cstackBANK0  00003A
fputc@c                       cstackCOMMON 000070
fputc@fp                      cstackCOMMON 000072
fputs@c                       cstackBANK0  000025
fputs@fp                      cstackBANK0  000021
fputs@i                       cstackBANK0  000026
fputs@s                       cstackBANK0  000020
intlevel0                     functab      000000
intlevel1                     functab      000000
intlevel2                     functab      000000
intlevel3                     functab      000000
intlevel4                     functab      000000
intlevel5                     functab      000000
labs@a                        cstackCOMMON 000070
main@b                        cstackBANK3  00019C
main@d                        cstackBANK3  0001AE
main@t                        cstackBANK3  0001AC
memcpy@d                      cstackCOMMON 000075
memcpy@d1                     cstackCOMMON 000070
memcpy@n                      cstackCOMMON 000072
memcpy@s                      cstackCOMMON 000076
memcpy@s1                     cstackCOMMON 000071
memcpy@tmp                    cstackCOMMON 000074
pad@buf                       cstackBANK0  00002A
pad@fp                        cstackBANK0  000028
pad@i                         cstackBANK0  00002D
pad@p                         cstackBANK0  00002B
pnum$text22                   (abs)        000022
pnum$text22_split_1           (abs)        000038
psplit$0                      (abs)        220038
read_echo@timeout             cstackCOMMON 000074
read_prec_or_width@ap         cstackCOMMON 000077
read_prec_or_width@c          cstackCOMMON 000078
read_prec_or_width@fmt        cstackCOMMON 000076
read_prec_or_width@n          cstackCOMMON 000079
reset_vec                     reset_vec    000000
sprintf@ap                    cstackBANK1  0000CD
sprintf@f                     cstackBANK1  0000CE
sprintf@fmt                   cstackBANK0  00006B
sprintf@s                     cstackBANK0  00006A
start                         init         000000
start_initialization          cinit        0007E4
strcpy@d                      cstackCOMMON 000072
strcpy@dest                   cstackCOMMON 000070
strcpy@src                    cstackCOMMON 000071
strlen@a                      cstackCOMMON 000072
strlen@s                      cstackCOMMON 000070
utoa@d                        cstackBANK0  000031
utoa@fp                       cstackBANK0  00002F
utoa@i                        cstackBANK0  000037
utoa@p                        cstackBANK0  000035
utoa@w                        cstackBANK0  000033
vfpfcnvrt@ap                  cstackBANK0  00005C
vfpfcnvrt@c                   cstackBANK0  000063
vfpfcnvrt@convarg             cstackBANK0  00005F
vfpfcnvrt@cp                  cstackBANK0  000064
vfpfcnvrt@fmt                 cstackBANK0  00005B
vfpfcnvrt@fp                  cstackBANK0  000059
vfprintf@ap                   cstackBANK0  000068
vfprintf@cfmt                 cstackBANK0  000069
vfprintf@fmt                  cstackBANK0  000067
vfprintf@fp                   cstackBANK0  000065
wtemp0                        (abs)        00007E


MODULE INFORMATION

Module		Function		Class		Link	Load	Size
C:\Program Files\Microchip\xc8\v3.00\pic\sources\c99\common\flge.c
		___flge        		CODE           	1EB8	0000	164

C:\Program Files\Microchip\xc8\v3.00\pic\sources\c99\common\flge.c estimated size: 164

PROY3FINAL.c
		_LCD_String    		CODE           	1A9C	0000	38
		_LCD_Init      		CODE           	1B79	0000	56
		_UART_WriteChar		CODE           	1953	0000	10
		_LCD_Cmd       		CODE           	1F5C	0000	164
		_UART_Init     		CODE           	1984	0000	16
		_LCD_PulseEnable		CODE           	1943	0000	8
		_main          		CODE           	1699	0000	359
		_read_echo     		CODE           	1BB1	0000	60
		_LCD_Char      		CODE           	1E18	0000	160
		_LCD_Set_Cursor		CODE           	1994	0000	24
		_send_trigger  		CODE           	1968	0000	12
		_LCD_Clear     		CODE           	1974	0000	16
		_ESP_SendToThingSpeak		CODE           	153C	0000	349
		_UART_WriteString		CODE           	1A76	0000	38

PROY3FINAL.c estimated size: 1310

C:\Program Files\Microchip\xc8\v3.00\pic\sources\c99\common\nf_fputc.c
		_fputc         		CODE           	1D7E	0000	154

C:\Program Files\Microchip\xc8\v3.00\pic\sources\c99\common\nf_fputc.c estimated size: 154

C:\Program Files\Microchip\xc8\v3.00\pic\sources\c99\common\memcpy.c
		_memcpy        		CODE           	19C5	0000	33

C:\Program Files\Microchip\xc8\v3.00\pic\sources\c99\common\memcpy.c estimated size: 33

C:\Program Files\Microchip\xc8\v3.00\pic\sources\c99\common\flneg.c
		___flneg       		CODE           	195D	0000	11

C:\Program Files\Microchip\xc8\v3.00\pic\sources\c99\common\flneg.c estimated size: 11

C:\Program Files\Microchip\xc8\v3.00\pic\sources\c99\common\__fpclassifyf.c
		___fpclassifyf 		CODE           	1CF1	0000	141

C:\Program Files\Microchip\xc8\v3.00\pic\sources\c99\common\__fpclassifyf.c estimated size: 141

C:\Program Files\Microchip\xc8\v3.00\pic\sources\c99\common\Umul16.c
		___wmul        		CODE           	1A51	0000	37

C:\Program Files\Microchip\xc8\v3.00\pic\sources\c99\common\Umul16.c estimated size: 37

C:\Program Files\Microchip\xc8\v3.00\pic\sources\c99\common\nf_sprintf.c
		_sprintf       		CODE           	1B14	0000	45

C:\Program Files\Microchip\xc8\v3.00\pic\sources\c99\common\nf_sprintf.c estimated size: 45

C:\Program Files\Microchip\xc8\v3.00\pic\sources\c99\common\lwmod.c
		___lwmod       		CODE           	1B41	0000	56

C:\Program Files\Microchip\xc8\v3.00\pic\sources\c99\common\lwmod.c estimated size: 56

C:\Program Files\Microchip\xc8\v3.00\pic\sources\c99\common\floorf.c
		_floorf        		CODE           	1303	0000	271

C:\Program Files\Microchip\xc8\v3.00\pic\sources\c99\common\floorf.c estimated size: 271

C:\Program Files\Microchip\xc8\v3.00\pic\sources\c99\common\putch.c
		_putch         		CODE           	0802	0000	1

C:\Program Files\Microchip\xc8\v3.00\pic\sources\c99\common\putch.c estimated size: 1

C:\Program Files\Microchip\xc8\v3.00\pic\sources\c99\common\fleq.c
		___fleq        		CODE           	1C2F	0000	78

C:\Program Files\Microchip\xc8\v3.00\pic\sources\c99\common\fleq.c estimated size: 78

C:\Program Files\Microchip\xc8\v3.00\pic\sources\c99\common\sprcmul.c
		___flmul       		CODE           	0CBE	0000	834

C:\Program Files\Microchip\xc8\v3.00\pic\sources\c99\common\sprcmul.c estimated size: 834

C:\Program Files\Microchip\xc8\v3.00\pic\sources\c99\common\sprcdiv.c
		___fldiv       		CODE           	0898	0000	458

C:\Program Files\Microchip\xc8\v3.00\pic\sources\c99\common\sprcdiv.c estimated size: 458

shared
		__stringtab    		STRING         	1000	0000	16
		__initialization		CODE           	07E4	0000	24

shared estimated size: 40

C:\Program Files\Microchip\xc8\v3.00\pic\sources\c99\common\xxtofl.c
		___xxtofl      		CODE           	1144	0000	180

C:\Program Files\Microchip\xc8\v3.00\pic\sources\c99\common\xxtofl.c estimated size: 180

C:\Program Files\Microchip\xc8\v3.00\pic\sources\c99\common\nf_fputs.c
		_fputs         		CODE           	1AE9	0000	43

C:\Program Files\Microchip\xc8\v3.00\pic\sources\c99\common\nf_fputs.c estimated size: 43

C:\Program Files\Microchip\xc8\v3.00\pic\sources\c99\common\strlen.c
		_strlen        		CODE           	1A2D	0000	36

C:\Program Files\Microchip\xc8\v3.00\pic\sources\c99\common\strlen.c estimated size: 36

C:\Program Files\Microchip\xc8\v3.00\pic\sources\c99\common\strcpy.c
		_strcpy        		CODE           	19AC	0000	25

C:\Program Files\Microchip\xc8\v3.00\pic\sources\c99\common\strcpy.c estimated size: 25

C:\Program Files\Microchip\xc8\v3.00\pic\sources\c99\common\lwdiv.c
		___lwdiv       		CODE           	1BED	0000	66

C:\Program Files\Microchip\xc8\v3.00\pic\sources\c99\common\lwdiv.c estimated size: 66

C:\Program Files\Microchip\xc8\v3.00\pic\sources\c99\common\fltol.c
		___fltol       		CODE           	1C7D	0000	116

C:\Program Files\Microchip\xc8\v3.00\pic\sources\c99\common\fltol.c estimated size: 116

C:\Program Files\Microchip\xc8\v3.00\pic\sources\c99\common\labs.c
		_labs          		CODE           	10DC	0000	21

C:\Program Files\Microchip\xc8\v3.00\pic\sources\c99\common\labs.c estimated size: 21

C:\Program Files\Microchip\xc8\v3.00\pic\sources\c99\common\doprnt.c
		_read_prec_or_width		CODE           	10F1	0000	83
		_vfpfcnvrt     		CODE           	1412	0000	298
		_efgtoa        		CODE           	11F8	0000	2222
		_pad           		CODE           	0003	0000	62
		_vfprintf      		CODE           	19E6	0000	35
		_utoa          		CODE           	0803	0000	149

C:\Program Files\Microchip\xc8\v3.00\pic\sources\c99\common\doprnt.c estimated size: 2849

C:\Program Files\Microchip\xc8\v3.00\pic\sources\c99\common\sprcadd.c
		___flsub       		CODE           	1A09	0000	36
		___fladd       		CODE           	0A62	0000	604

C:\Program Files\Microchip\xc8\v3.00\pic\sources\c99\common\sprcadd.c estimated size: 640

C:\Program Files\Microchip\xc8\v3.00\pic\sources\c99\common\Umul8_16.c
		__Umul8_16     		CODE           	1AC2	0000	39

C:\Program Files\Microchip\xc8\v3.00\pic\sources\c99\common\Umul8_16.c estimated size: 39

